Company health data collection initiated at 2026-09-30 02:00:18.899189
Updating KRX data...
Updating between dates: 2026-09-22 / 2026-09-30
FULL rescan codes:
Total 40 items.
[0-39] ['000650', '002240', '004410', '005870', '008700', '013000', '015750', '019010', '030530', '033250', '040420', '044780', '045300', '056360', '058860', '060560', '083550', '088290', '090410', '090850', '099390', '101170', '106190', '127980', '140670', '145720', '169330', '185490', '226400', '234300', '332290', '334970', '389020', '417180', '417860', '466410', '469750', '498390', '900250', '950210']
PARTIAL rescan codes:
Total 10 items.
[0-9] ['030960', '093240', '001080', '097870', '169330', '189690', '032800', '950250', '050860', '021820']
full_rescan batch operation: 0
Financial data collection log >> 
2026-09-30 02:00:25.810148, no: 0, code 000650 in process
2026-09-30 02:00:47.889615, no: 1, code 002240 in process
2026-09-30 02:01:05.149400, no: 2, code 004410 in process
2026-09-30 02:01:23.221612, no: 3, code 005870 in process
2026-09-30 02:01:39.682731, no: 4, code 008700 in process
----> no: 4, code 008700 currency not in KRW, skipping
2026-09-30 02:01:44.982382, no: 5, code 013000 in process
2026-09-30 02:02:01.004105, no: 6, code 015750 in process
2026-09-30 02:02:17.426084, no: 7, code 019010 in process
2026-09-30 02:02:34.634386, no: 8, code 030530 in process
2026-09-30 02:02:50.499796, no: 9, code 033250 in process
2026-09-30 02:03:00.352412, no: 10, code 040420 in process
2026-09-30 02:03:17.772783, no: 11, code 044780 in process
2026-09-30 02:03:35.405899, no: 12, code 045300 in process
2026-09-30 02:03:53.802909, no: 13, code 056360 in process
2026-09-30 02:04:11.209649, no: 14, code 058860 in process
2026-09-30 02:04:28.523030, no: 15, code 060560 in process
2026-09-30 02:04:48.115357, no: 16, code 083550 in process
2026-09-30 02:05:07.104738, no: 17, code 088290 in process
2026-09-30 02:05:24.239398, no: 18, code 090410 in process
2026-09-30 02:05:42.621855, no: 19, code 090850 in process
2026-09-30 02:05:59.580998, no: 20, code 099390 in process
2026-09-30 02:06:10.783237, no: 21, code 101170 in process
2026-09-30 02:06:28.127793, no: 22, code 106190 in process
2026-09-30 02:06:45.377012, no: 23, code 127980 in process
2026-09-30 02:06:54.877211, no: 24, code 140670 in process
2026-09-30 02:07:09.958401, no: 25, code 145720 in process
2026-09-30 02:07:26.655411, no: 26, code 169330 in process
2026-09-30 02:07:33.425760, no: 27, code 185490 in process
2026-09-30 02:07:50.276814, no: 28, code 226400 in process
2026-09-30 02:08:05.865610, no: 29, code 234300 in process
2026-09-30 02:08:22.676059, no: 30, code 332290 in process
2026-09-30 02:08:34.251843, no: 31, code 334970 in process
2026-09-30 02:08:42.336845, no: 32, code 389020 in process
2026-09-30 02:08:51.940086, no: 33, code 417180 in process
2026-09-30 02:09:01.890529, no: 34, code 417860 in process
2026-09-30 02:09:12.914325, no: 35, code 466410 in process
2026-09-30 02:09:21.050760, no: 36, code 469750 in process
2026-09-30 02:09:29.335448, no: 37, code 498390 in process
2026-09-30 02:09:36.853602, no: 38, code 900250 in process
----> no: 38, code 900250 currency not in KRW, skipping
2026-09-30 02:09:42.163110, no: 39, code 950210 in process
----> no: 39, code 950210 currency not in KRW, skipping
partial_rescan batch operation: 0
Financial data collection log >> 
2026-09-30 02:09:57.285673, no: 0, code 030960 in process
2026-09-30 02:10:03.163159, no: 1, code 093240 in process
2026-09-30 02:10:09.025595, no: 2, code 001080 in process
2026-09-30 02:10:14.993043, no: 3, code 097870 in process
2026-09-30 02:10:20.858625, no: 4, code 169330 in process
2026-09-30 02:10:26.751001, no: 5, code 189690 in process
2026-09-30 02:10:32.615944, no: 6, code 032800 in process
2026-09-30 02:10:38.558779, no: 7, code 950250 in process
----> no: 7, code 950250 currency not in KRW, skipping
2026-09-30 02:10:44.105946, no: 8, code 050860 in process
2026-09-30 02:10:50.008034, no: 9, code 021820 in process
== Update finished ==
Company health data collection initiated at 2026-10-01 02:00:20.266214
Updating KRX data...
Updating between dates: 2026-09-23 / 2026-10-01
FULL rescan codes:
Total 85 items.
[0-84] ['000650', '002240', '002410', '002880', '004410', '005070', '005420', '005870', '007610', '008040', '008700', '008970', '009810', '011080', '012340', '013000', '015750', '019010', '019990', '024840', '025820', '030530', '032580', '033250', '040420', '043200', '043220', '044780', '045300', '053060', '056360', '058860', '060560', '060720', '065060', '070300', '083550', '086960', '088290', '090410', '090850', '091120', '099390', '101170', '106190', '108860', '109670', '109820', '127980', '137940', '140670', '145720', '156100', '169330', '182400', '185490', '198440', '198940', '208370', '225530', '225590', '226400', '234300', '258610', '285800', '290690', '294090', '308100', '317830', '332290', '334970', '348950', '351870', '361570', '368770', '388050', '389020', '417180', '417860', '462520', '466410', '469750', '498390', '900250', '950210']
PARTIAL rescan codes:
Total 15 items.
[0-14] ['021880', '018500', '289080', '950250', '001570', '060310', '099750', '226340', '002630', '092440', '033200', '067010', '001720', '020180', '190650']
full_rescan batch operation: 0
Financial data collection log >> 
2026-10-01 02:00:27.011236, no: 0, code 000650 in process
2026-10-01 02:00:42.807829, no: 1, code 002240 in process
2026-10-01 02:00:58.576098, no: 2, code 002410 in process
2026-10-01 02:01:15.087833, no: 3, code 002880 in process
2026-10-01 02:01:31.736874, no: 4, code 004410 in process
2026-10-01 02:01:48.185654, no: 5, code 005070 in process
2026-10-01 02:02:04.253251, no: 6, code 005420 in process
2026-10-01 02:02:21.011411, no: 7, code 005870 in process
2026-10-01 02:02:36.719867, no: 8, code 007610 in process
2026-10-01 02:02:53.963779, no: 9, code 008040 in process
2026-10-01 02:03:09.962407, no: 10, code 008700 in process
----> no: 10, code 008700 currency not in KRW, skipping
2026-10-01 02:03:15.262995, no: 11, code 008970 in process
2026-10-01 02:03:31.639214, no: 12, code 009810 in process
2026-10-01 02:03:47.545781, no: 13, code 011080 in process
2026-10-01 02:04:03.626342, no: 14, code 012340 in process
2026-10-01 02:04:19.578321, no: 15, code 013000 in process
2026-10-01 02:04:35.945862, no: 16, code 015750 in process
2026-10-01 02:04:52.128061, no: 17, code 019010 in process
2026-10-01 02:05:07.942798, no: 18, code 019990 in process
2026-10-01 02:05:25.253537, no: 19, code 024840 in process
2026-10-01 02:05:41.278673, no: 20, code 025820 in process
2026-10-01 02:05:57.981841, no: 21, code 030530 in process
2026-10-01 02:06:14.316321, no: 22, code 032580 in process
2026-10-01 02:06:30.250600, no: 23, code 033250 in process
2026-10-01 02:06:39.785279, no: 24, code 040420 in process
2026-10-01 02:06:56.140804, no: 25, code 043200 in process
2026-10-01 02:07:12.171140, no: 26, code 043220 in process
2026-10-01 02:07:29.545763, no: 27, code 044780 in process
2026-10-01 02:07:45.459305, no: 28, code 045300 in process
2026-10-01 02:08:01.508736, no: 29, code 053060 in process
2026-10-01 02:08:18.826505, no: 30, code 056360 in process
2026-10-01 02:08:35.369154, no: 31, code 058860 in process
2026-10-01 02:08:52.147879, no: 32, code 060560 in process
2026-10-01 02:09:08.668772, no: 33, code 060720 in process
2026-10-01 02:09:24.770903, no: 34, code 065060 in process
2026-10-01 02:09:41.853274, no: 35, code 070300 in process
2026-10-01 02:09:57.669964, no: 36, code 083550 in process
2026-10-01 02:10:13.612593, no: 37, code 086960 in process
2026-10-01 02:10:29.541495, no: 38, code 088290 in process
2026-10-01 02:10:45.648373, no: 39, code 090410 in process
2026-10-01 02:11:01.710874, no: 40, code 090850 in process
2026-10-01 02:11:18.258429, no: 41, code 091120 in process
2026-10-01 02:11:34.635677, no: 42, code 099390 in process
2026-10-01 02:11:45.061626, no: 43, code 101170 in process
2026-10-01 02:12:00.780218, no: 44, code 106190 in process
2026-10-01 02:12:16.432572, no: 45, code 108860 in process
2026-10-01 02:12:32.793666, no: 46, code 109670 in process
2026-10-01 02:12:40.985590, no: 47, code 109820 in process
2026-10-01 02:12:56.690293, no: 48, code 127980 in process
2026-10-01 02:13:07.289469, no: 49, code 137940 in process
2026-10-01 02:13:22.943890, no: 50, code 140670 in process
2026-10-01 02:13:37.688121, no: 51, code 145720 in process
2026-10-01 02:13:52.934879, no: 52, code 156100 in process
2026-10-01 02:14:07.943891, no: 53, code 169330 in process
2026-10-01 02:14:14.440851, no: 54, code 182400 in process
2026-10-01 02:14:32.881778, no: 55, code 185490 in process
2026-10-01 02:14:48.788493, no: 56, code 198440 in process
2026-10-01 02:15:03.979144, no: 57, code 198940 in process
2026-10-01 02:15:13.033525, no: 58, code 208370 in process
2026-10-01 02:15:28.848726, no: 59, code 225530 in process
2026-10-01 02:15:44.548028, no: 60, code 225590 in process
2026-10-01 02:15:59.007823, no: 61, code 226400 in process
2026-10-01 02:16:12.621361, no: 62, code 234300 in process
2026-10-01 02:16:26.526094, no: 63, code 258610 in process
2026-10-01 02:16:40.562358, no: 64, code 285800 in process
2026-10-01 02:16:49.150027, no: 65, code 290690 in process
2026-10-01 02:16:59.990262, no: 66, code 294090 in process
2026-10-01 02:17:11.264751, no: 67, code 308100 in process
2026-10-01 02:17:23.649575, no: 68, code 317830 in process
2026-10-01 02:17:36.941820, no: 69, code 332290 in process
2026-10-01 02:17:47.475862, no: 70, code 334970 in process
2026-10-01 02:17:53.972877, no: 71, code 348950 in process
2026-10-01 02:18:00.590783, no: 72, code 351870 in process
2026-10-01 02:18:08.010232, no: 73, code 361570 in process
2026-10-01 02:18:18.019437, no: 74, code 368770 in process
2026-10-01 02:18:28.771264, no: 75, code 388050 in process
2026-10-01 02:18:38.878273, no: 76, code 389020 in process
2026-10-01 02:18:47.932231, no: 77, code 417180 in process
2026-10-01 02:18:57.218412, no: 78, code 417860 in process
2026-10-01 02:19:06.240835, no: 79, code 462520 in process
2026-10-01 02:19:14.569213, no: 80, code 466410 in process
2026-10-01 02:19:21.710068, no: 81, code 469750 in process
2026-10-01 02:19:29.277281, no: 82, code 498390 in process
2026-10-01 02:19:36.477580, no: 83, code 900250 in process
----> no: 83, code 900250 currency not in KRW, skipping
2026-10-01 02:19:41.780381, no: 84, code 950210 in process
----> no: 84, code 950210 currency not in KRW, skipping
partial_rescan batch operation: 0
Financial data collection log >> 
2026-10-01 02:19:56.975991, no: 0, code 021880 in process
2026-10-01 02:20:04.177451, no: 1, code 018500 in process
2026-10-01 02:20:11.364136, no: 2, code 289080 in process
2026-10-01 02:20:18.496433, no: 3, code 950250 in process
----> no: 3, code 950250 currency not in KRW, skipping
2026-10-01 02:20:23.673225, no: 4, code 001570 in process
2026-10-01 02:20:30.814218, no: 5, code 060310 in process
2026-10-01 02:20:38.139427, no: 6, code 099750 in process
2026-10-01 02:20:45.470338, no: 7, code 226340 in process
2026-10-01 02:20:52.604730, no: 8, code 002630 in process
2026-10-01 02:20:59.817258, no: 9, code 092440 in process
2026-10-01 02:21:06.977689, no: 10, code 033200 in process
2026-10-01 02:21:14.133762, no: 11, code 067010 in process
2026-10-01 02:21:21.321196, no: 12, code 001720 in process
2026-10-01 02:21:28.614577, no: 13, code 020180 in process
2026-10-01 02:21:35.743038, no: 14, code 190650 in process
== Update finished ==
